
fille@DESKTOP-4JS80HJ MINGW64 ~
$ cd Desktop

fille@DESKTOP-4JS80HJ MINGW64 ~/Desktop
$ git clone https://github.com/EsserMishelle/2023-10-NCR-WISE.git
Cloning into '2023-10-NCR-WISE'...
remote: Enumerating objects: 5, done.
remote: Counting objects: 100% (5/5), done.
remote: Total 5 (delta 0), reused 5 (delta 0), pack-reused 0
Receiving objects: 100% (5/5), done.

fille@DESKTOP-4JS80HJ MINGW64 ~/Desktop
$ ls
'1z0-071 Exam – Free Actual Q&As, Page 14 ExamTopics.URL'
 20170528_122825.jpg
 2023-10-NCR-WISE/
 2_JOHN.DP
'CS admin'/
'Dec 2022'/
 Discord.lnk*
 Garmin/
'M - Chrome.lnk'*
 Paypal/
 Postman.lnk*
 ReactPorcello/
'Roblox Player.lnk'*
'Roblox Studio.lnk'*
 S22+/
'SQL Shell (psql).lnk'*
'Screenshot 2023-06-07 104453-CS TI.jpg'
'Screenshot 2023-06-07 104453-CS TI_1.jpg'
'Screenshot 2023-06-08 111425-sono.jpg'
'Screenshot 2023-06-08 124519 sono .jpg'
 Slack.lnk*
'Swim pool'/
'Visual Studio Code (2).lnk'*
'Visual Studio Code.lnk'*
 Zoom.lnk*
 desktop.ini
 holygrail.jpg
'music teacher suggestions.jpg'
 southwest/
'visual basic code.png'

fille@DESKTOP-4JS80HJ MINGW64 ~/Desktop
$ cd 2
20170528_122825.jpg  2023-10-NCR-WISE/    2_JOHN.DP

fille@DESKTOP-4JS80HJ MINGW64 ~/Desktop
$ cd 2023-10-NCR-WISE/

fille@DESKTOP-4JS80HJ MINGW64 ~/Desktop/2023-10-NCR-WISE (main)
$ mkdir galaxy-far-far-away

fille@DESKTOP-4JS80HJ MINGW64 ~/Desktop/2023-10-NCR-WISE (main)
$ cd galaxy-far-far-away/

fille@DESKTOP-4JS80HJ MINGW64 ~/Desktop/2023-10-NCR-WISE/galaxy-far-far-away (main)
$ touch commands.txt

fille@DESKTOP-4JS80HJ MINGW64 ~/Desktop/2023-10-NCR-WISE/galaxy-far-far-away (main)
$ code commands.txt

fille@DESKTOP-4JS80HJ MINGW64 ~/Desktop/2023-10-NCR-WISE/galaxy-far-far-away (main)
$ mkdir death_star cd death_star
mkdir: cannot create directory ‘death_star’: File exists

fille@DESKTOP-4JS80HJ MINGW64 ~/Desktop/2023-10-NCR-WISE/galaxy-far-far-away (main)
$ rm -r cd

fille@DESKTOP-4JS80HJ MINGW64 ~/Desktop/2023-10-NCR-WISE/galaxy-far-far-away (main)
$ ls
commands.txt  death_star/

fille@DESKTOP-4JS80HJ MINGW64 ~/Desktop/2023-10-NCR-WISE/galaxy-far-far-away (main)
$ cd death_star

fille@DESKTOP-4JS80HJ MINGW64 ~/Desktop/2023-10-NCR-WISE/galaxy-far-far-away/death_star (main)
$ touch darth_vader.txt princess_leia.txt storm_trooper.txt

fille@DESKTOP-4JS80HJ MINGW64 ~/Desktop/2023-10-NCR-WISE/galaxy-far-far-away/death_star (main)
$ cd ..

fille@DESKTOP-4JS80HJ MINGW64 ~/Desktop/2023-10-NCR-WISE/galaxy-far-far-away (main)
$ mkdir tatooine && cd tatooine

fille@DESKTOP-4JS80HJ MINGW64 ~/Desktop/2023-10-NCR-WISE/galaxy-far-far-away/tatooine (main)
$ touch luke.txt ben_kenobi.txt

fille@DESKTOP-4JS80HJ MINGW64 ~/Desktop/2023-10-NCR-WISE/galaxy-far-far-away/tatooine (main)
$ mkdir millenium_falcon && millenium_falcon
bash: millenium_falcon: command not found

fille@DESKTOP-4JS80HJ MINGW64 ~/Desktop/2023-10-NCR-WISE/galaxy-far-far-away/tatooine (main)
$ cd millenium_falcon/

fille@DESKTOP-4JS80HJ MINGW64 ~/Desktop/2023-10-NCR-WISE/galaxy-far-far-away/tatooine/millenium_falcon (main)
$ touch han_solo.txt chewbaca.txt

fille@DESKTOP-4JS80HJ MINGW64 ~/Desktop/2023-10-NCR-WISE/galaxy-far-far-away/tatooine/millenium_falcon (main)
$ cd ..

fille@DESKTOP-4JS80HJ MINGW64 ~/Desktop/2023-10-NCR-WISE/galaxy-far-far-away/tatooine (main)
$ mv ben_kenobi.txt obi_wan.txt

fille@DESKTOP-4JS80HJ MINGW64 ~/Desktop/2023-10-NCR-WISE/galaxy-far-far-away/tatooine (main)
$ cd ../death_star

fille@DESKTOP-4JS80HJ MINGW64 ~/Desktop/2023-10-NCR-WISE/galaxy-far-far-away/death_star (main)
$ cp storm_trooper.txt ~/Desktop/2023-10-NCR-WISE/galaxy-far-far-away/tatooine/

fille@DESKTOP-4JS80HJ MINGW64 ~/Desktop/2023-10-NCR-WISE/galaxy-far-far-away/death_star (main)
$ cd ../tatooine/

fille@DESKTOP-4JS80HJ MINGW64 ~/Desktop/2023-10-NCR-WISE/galaxy-far-far-away/tatooine (main)
$ mv luke.txt ~/Desktop/2023-10-NCR-WISE/galaxy-far-far-away/tatooine/millenium_falcon/      
fille@DESKTOP-4JS80HJ MINGW64 ~/Desktop/2023-10-NCR-WISE/galaxy-far-far-away/tatooine (main)
$ mv obi_wan.txt ~/Desktop/2023-10-NCR-WISE/galaxy-far-far-away/tatooine/millenium_falcon/   
fille@DESKTOP-4JS80HJ MINGW64 ~/Desktop/2023-10-NCR-WISE/galaxy-far-far-away/tatooine (main)
$ cd ..

fille@DESKTOP-4JS80HJ MINGW64 ~/Desktop/2023-10-NCR-WISE/galaxy-far-far-away (main)
$ cd tatooine/

fille@DESKTOP-4JS80HJ MINGW64 ~/Desktop/2023-10-NCR-WISE/galaxy-far-far-away/tatooine (main)
$ mv millenium_falcon ../

fille@DESKTOP-4JS80HJ MINGW64 ~/Desktop/2023-10-NCR-WISE/galaxy-far-far-away/tatooine (main)
$ cd ..

fille@DESKTOP-4JS80HJ MINGW64 ~/Desktop/2023-10-NCR-WISE/galaxy-far-far-away (main)
$ mv millenium_falcon ~/Desktop/2023-10-NCR-WISE/galaxy-far-far-away/death_star

fille@DESKTOP-4JS80HJ MINGW64 ~/Desktop/2023-10-NCR-WISE/galaxy-far-far-away (main)
$ cd death_star/

fille@DESKTOP-4JS80HJ MINGW64 ~/Desktop/2023-10-NCR-WISE/galaxy-far-far-away/death_star (main)
$ mv princess_leia.txt fille@DESKTOP-4JS80HJ MINGW64 ~/Desktop/2023-10-NCR-WISE/galaxy-far-far-away/death_star (main)
$ cd ../tatooine/

fille@DESKTOP-4JS80HJ MINGW64 ~/Desktop/2023-10-NCR-WISE/galaxy-far-far-away/tatooine (main)
$ mv luke.txt ~/Desktop/2023-10-NCR-WISE/galaxy-far-far-away/tatooine/millenium_falcon/      
fille@DESKTOP-4JS80HJ MINGW64 ~/Desktop/2023-10-NCR-WISE/galaxy-far-far-away/tatooine (main)
$ mv obi_wan.txt ~/Desktop/2023-10-NCR-WISE/galaxy-far-far-away/tatooine/millenium_falcon/   
fille@DESKTOP-4JS80HJ MINGW64 ~/Desktop/2023-10-NCR-WISE/galaxy-far-far-away/tatooine (main)
$ cd ..

fille@DESKTOP-4JS80HJ MINGW64 ~/Desktop/2023-10-NCR-WISE/galaxy-far-far-away (main)
$ cd tatooine/

fille@DESKTOP-4JS80HJ MINGW64 ~/Desktop/2023-10-NCR-WISE/galaxy-far-far-away/tatooine (main)
$ mv millenium_falcon ../

fille@DESKTOP-4JS80HJ MINGW64 ~/Desktop/2023-10-NCR-WISE/galaxy-far-far-away/tatooine (main)
$ cd ..

$ mv millenium_falcon ~/Desktop/2023-10-NCR-WISE/galaxy-far-far-away/death_starain)
bash: syntax error near unexpected token `('
bash: $: command not found

bash: syntax error near unexpected token `('






bash: $: command not found
bash: syntax error near unexpected token `('
bash: $: command not found
bash: syntax error near unexpected token `('
bash: $: command not found
bash: syntax error near unexpected token `('
bash: $: command not found
bash: syntax error near unexpected token `('
bash: $: command not found
bash: syntax error near unexpected token `('
bash: $: command not found
bash: syntax error near unexpected token `('
bash: $: command not found

fille@DESKTOP-4JS80HJ MINGW64 ~/Desktop/2023-10-NCR-WISE/galaxy-far-far-away/death_star (main)
$ mv princess_leia.txt ~/Desktop/2023-10-NCR-WISE/galaxy-far-far-away/death_star/millenium_falcon/

fille@DESKTOP-4JS80HJ MINGW64 ~/Desktop/2023-10-NCR-WISE/galaxy-far-far-away/death_star (main)
$ cd millenium_falcon/

fille@DESKTOP-4JS80HJ MINGW64 ~/Desktop/2023-10-NCR-WISE/galaxy-far-far-away/death_star/millenium_falcon (main)
$ rm obi_wan.txt

fille@DESKTOP-4JS80HJ MINGW64 ~/Desktop/2023-10-NCR-WISE/galaxy-far-far-away/death_star/millenium_falcon (main)
$ cd ..

fille@DESKTOP-4JS80HJ MINGW64 ~/Desktop/2023-10-NCR-WISE/galaxy-far-far-away/death_star (main)
$ cd..
bash: cd..: command not found

fille@DESKTOP-4JS80HJ MINGW64 ~/Desktop/2023-10-NCR-WISE/galaxy-far-far-away/death_star (main)
$ cd ..

fille@DESKTOP-4JS80HJ MINGW64 ~/Desktop/2023-10-NCR-WISE/galaxy-far-far-away (main)
$ mkdir yavin_4

fille@DESKTOP-4JS80HJ MINGW64 ~/Desktop/2023-10-NCR-WISE/galaxy-far-far-away (main)
$ cd death_star/

fille@DESKTOP-4JS80HJ MINGW64 ~/Desktop/2023-10-NCR-WISE/galaxy-far-far-away/death_star (main)
$ mv millenium_falcon ~/Desktop/2023-10-NCR-WISE/galaxy-far-far-away/yavin_4

fille@DESKTOP-4JS80HJ MINGW64 ~/Desktop/2023-10-NCR-WISE/galaxy-far-far-away/death_star (main)
$ mkdir x_wing

fille@DESKTOP-4JS80HJ MINGW64 ~/Desktop/2023-10-NCR-WISE/galaxy-far-far-away/death_star (main)
$ cd ../yavin_4/millenium_falcon/

fille@DESKTOP-4JS80HJ MINGW64 ~/Desktop/2023-10-NCR-WISE/galaxy-far-far-away/yavin_4/millenium_falcon (main)
$ mv princess_leia.txt ../

fille@DESKTOP-4JS80HJ MINGW64 ~/Desktop/2023-10-NCR-WISE/galaxy-far-far-away/yavin_4/millenium_falcon (main)
$ cd ..

fille@DESKTOP-4JS80HJ MINGW64 ~/Desktop/2023-10-NCR-WISE/galaxy-far-far-away/yavin_4 (main)
$ mkdir x_wing

fille@DESKTOP-4JS80HJ MINGW64 ~/Desktop/2023-10-NCR-WISE/galaxy-far-far-away/yavin_4 (main)
$ cd millenium_falcon/

fille@DESKTOP-4JS80HJ MINGW64 ~/Desktop/2023-10-NCR-WISE/galaxy-far-far-away/yavin_4/millenium_falcon (main)
$ mv luke.txt ~/Desktop/2023-10-NCR-WISE/galaxy-far-far-away/yavin_4/x_wing/

fille@DESKTOP-4JS80HJ MINGW64 ~/Desktop/2023-10-NCR-WISE/galaxy-far-far-away/yavin_4/millenium_falcon (main)
$ cd ..

fille@DESKTOP-4JS80HJ MINGW64 ~/Desktop/2023-10-NCR-WISE/galaxy-far-far-away/yavin_4 (main)
$ mv millenium_falcon ../

fille@DESKTOP-4JS80HJ MINGW64 ~/Desktop/2023-10-NCR-WISE/galaxy-far-far-away/yavin_4 (main)
$ mv x_wing ../

fille@DESKTOP-4JS80HJ MINGW64 ~/Desktop/2023-10-NCR-WISE/galaxy-far-far-away/yavin_4 (main)
$ cd ../death_star

fille@DESKTOP-4JS80HJ MINGW64 ~/Desktop/2023-10-NCR-WISE/galaxy-far-far-away/death_star (main)
$ mkdir tie_fighter_1 tie_fighter_2 tie_fighter_3

fille@DESKTOP-4JS80HJ MINGW64 ~/Desktop/2023-10-NCR-WISE/galaxy-far-far-away/death_star (main)
$ mv darth_vader.txt /tie_fighter_1

fille@DESKTOP-4JS80HJ MINGW64 ~/Desktop/2023-10-NCR-WISE/galaxy-far-far-away/death_star (main)
$ mv darth_vader ~/Desktop/2023-10-NCR-WISE/galaxy-far-far-away/death_star/tie_fighter_1
mv: cannot stat 'darth_vader': No such file or directory

fille@DESKTOP-4JS80HJ MINGW64 ~/Desktop/2023-10-NCR-WISE/galaxy-far-far-away/death_star (main)
$ mv darth_vader.txt ~/Desktop/2023-10-NCR-WISE/galaxy-far-far-away/death_star/tie_fighter_1

fille@DESKTOP-4JS80HJ MINGW64 ~/Desktop/2023-10-NCR-WISE/galaxy-far-far-away/death_star (main)
$ cp storm_trooper.txt ~/Desktop/2023-10-NCR-WISE/galaxy-far-far-away/death_star/tie_fighter_2

fille@DESKTOP-4JS80HJ MINGW64 ~/Desktop/2023-10-NCR-WISE/galaxy-far-far-away/death_star (main)
$ cp storm_trooper.txt ~/Desktop/2023-10-NCR-WISE/galaxy-far-far-away/death_star/tie_fighter_3

fille@DESKTOP-4JS80HJ MINGW64 ~/Desktop/2023-10-NCR-WISE/galaxy-far-far-away/death_star (main)
$ mv -r t* ../
mv: unknown option -- r
Try 'mv --help' for more information.

fille@DESKTOP-4JS80HJ MINGW64 ~/Desktop/2023-10-NCR-WISE/galaxy-far-far-away/death_star (main)
$ mv t* ../

fille@DESKTOP-4JS80HJ MINGW64 ~/Desktop/2023-10-NCR-WISE/galaxy-far-far-away/death_star (main)
$ cd ..

fille@DESKTOP-4JS80HJ MINGW64 ~/Desktop/2023-10-NCR-WISE/galaxy-far-far-away (main)
$ rm -r tie_figher_2
rm: cannot remove 'tie_figher_2': No such file or directory

fille@DESKTOP-4JS80HJ MINGW64 ~/Desktop/2023-10-NCR-WISE/galaxy-far-far-away (main)
$ rm -r tie_fighter_2

fille@DESKTOP-4JS80HJ MINGW64 ~/Desktop/2023-10-NCR-WISE/galaxy-far-far-away (main)
$ rm -r tie_fighter_3

fille@DESKTOP-4JS80HJ MINGW64 ~/Desktop/2023-10-NCR-WISE/galaxy-far-far-away (main)
$ cd x_wing

fille@DESKTOP-4JS80HJ MINGW64 ~/Desktop/2023-10-NCR-WISE/galaxy-far-far-away/x_wing (main)
$ touch the_force.txt

fille@DESKTOP-4JS80HJ MINGW64 ~/Desktop/2023-10-NCR-WISE/galaxy-far-far-away/x_wing (main)
$ cd ..

fille@DESKTOP-4JS80HJ MINGW64 ~/Desktop/2023-10-NCR-WISE/galaxy-far-far-away (main)
$ rm -r death_star

fille@DESKTOP-4JS80HJ MINGW64 ~/Desktop/2023-10-NCR-WISE/galaxy-far-far-away (main)
$ mv x_wing ~/Desktop/2023-10-NCR-WISE/galaxy-far-far-away/yavin_4

fille@DESKTOP-4JS80HJ MINGW64 ~/Desktop/2023-10-NCR-WISE/galaxy-far-far-away (main)
$ mv millenium_falcon ~/Desktop/2023-10-NCR-WISE/galaxy-far-far-away/yavin_4

fille@DESKTOP-4JS80HJ MINGW64 ~/Desktop/2023-10-NCR-WISE/galaxy-far-far-away (main)
$ git add -A

fille@DESKTOP-4JS80HJ MINGW64 ~/Desktop/2023-10-NCR-WISE/galaxy-far-far-away (main)
$ git commit -m "Completed lab"
Author identity unknown

*** Please tell me who you are.

Run

  git config --global user.email "you@example.com"
  git config --global user.name "Your Name"

to set your account's default identity.
Omit --global to set the identity only in this repository.

fatal: unable to auto-detect email address (got 'fille@DESKTOP-4JS80HJ.(none)')

fille@DESKTOP-4JS80HJ MINGW64 ~/Desktop/2023-10-NCR-WISE/galaxy-far-far-away (main)
$ git config --global user.email "essermishelle@gmail.com"

fille@DESKTOP-4JS80HJ MINGW64 ~/Desktop/2023-10-NCR-WISE/galaxy-far-far-away (main)
$ git push origin main
Everything up-to-date

fille@DESKTOP-4JS80HJ MINGW64 ~/Desktop/2023-10-NCR-WISE/galaxy-far-far-away (main)
$ git push origin main
Everything up-to-date

fille@DESKTOP-4JS80HJ MINGW64 ~/Desktop/2023-10-NCR-WISE/galaxy-far-far-away (main)
$ git config --global usre.name "EsserMishelle"

fille@DESKTOP-4JS80HJ MINGW64 ~/Desktop/2023-10-NCR-WISE/galaxy-far-far-away (main)
$ git push origin main
Everything up-to-date

fille@DESKTOP-4JS80HJ MINGW64 ~/Desktop/2023-10-NCR-WISE/galaxy-far-far-away (main)
$ git add -A

fille@DESKTOP-4JS80HJ MINGW64 ~/Desktop/2023-10-NCR-WISE/galaxy-far-far-away (main)
$ git commit -m "Completed lab"
[main 40a46af] Completed lab
 8 files changed, 0 insertions(+), 0 deletions(-)
 create mode 100644 galaxy-far-far-away/commands.txt
 create mode 100644 galaxy-far-far-away/tatooine/storm_trooper.txt
 create mode 100644 galaxy-far-far-away/tie_fighter_1/darth_vader.txt
 create mode 100644 galaxy-far-far-away/yavin_4/millenium_falcon/chewbaca.txt
 create mode 100644 galaxy-far-far-away/yavin_4/millenium_falcon/han_solo.txt
 create mode 100644 galaxy-far-far-away/yavin_4/princess_leia.txt
 create mode 100644 galaxy-far-far-away/yavin_4/x_wing/luke.txt
 create mode 100644 galaxy-far-far-away/yavin_4/x_wing/the_force.txt

fille@DESKTOP-4JS80HJ MINGW64 ~/Desktop/2023-10-NCR-WISE/galaxy-far-far-away (main)
$ git push origin master
bash: $'\302\230git': command not found

fille@DESKTOP-4JS80HJ MINGW64 ~/Desktop/2023-10-NCR-WISE/galaxy-far-far-away (main)
$ git push origin main
Enumerating objects: 10, done.
Counting objects: 100% (10/10), done.
Delta compression using up to 4 threads
Compressing objects: 100% (6/6), done.
Writing objects: 100% (9/9), 797 bytes | 113.00 KiB/s, done.
Total 9 (delta 0), reused 1 (delta 0), pack-reused 0
To https://github.com/EsserMishelle/2023-10-NCR-WISE.git
   70724ae..40a46af  main -> main

fille@DESKTOP-4JS80HJ MINGW64 ~/Desktop/2023-10-NCR-WISE/galaxy-far-far-away (main)
$ ^C

fille@DESKTOP-4JS80HJ MINGW64 ~/Desktop/2023-10-NCR-WISE/galaxy-far-far-away (main)
$
